
> angular@0.0.0 start
> ng serve --host 0.0.0.0  --no-hmr --disable-host-check --port 3000

Warning: Running a server with --disable-host-check is a security risk. See https://medium.com/webpack/webpack-dev-server-middleware-security-issues-1489d950874a for more information.
The "disableHostCheck" option will not be used because it is not supported by the "@angular-devkit/build-angular:application" builder.
❯ Building...
✔ Building...
Browser bundles     
Initial chunk files  | Names            |  Raw size
polyfills.js         | polyfills        |  90.20 kB | 
main.js              | main             |  22.59 kB | 
styles.css           | styles           |  95 bytes | 

                     | Initial total    | 112.88 kB


Server bundles      
Initial chunk files  | Names            |  Raw size
polyfills.server.mjs | polyfills.server | 572.91 kB | 
chunk-6XEG6CM6.mjs   | -                |  23.02 kB | 
server.mjs           | server           |   1.39 kB | 
main.server.mjs      | main.server      | 800 bytes | 

Application bundle generation complete. [2.420 seconds]

Watch mode enabled. Watching for file changes...
NOTE: Raw file sizes do not reflect development server per-request transformations.
  ➜  Local:   http://localhost:3000/
  ➜  Network: http://172.17.0.2:3000/
❯ Changes detected. Rebuilding...
✔ Changes detected. Rebuilding...
Application bundle generation failed. [0.269 seconds]

✘ [ERROR] NG8002: Can't bind to 'routerLinkActiveOptions' since it isn't a known property of 'a'. [plugin angular-compiler]

    src/app/app.component.html:8:57:
      8 │ ...terLinkActive="active" [routerLinkActiveOptions]="{ exact: true }">
        ╵                           ~~~~~~~~~~~~~~~~~~~~~~~~~~~~~~~~~~~~~~~~~~~

  Error occurs in the template of component AppComponent.

    src/app/app.component.ts:7:15:
      7 │   templateUrl: './app.component.html',
        ╵                ~~~~~~~~~~~~~~~~~~~~~~


❯ Changes detected. Rebuilding...
✔ Changes detected. Rebuilding...
Application bundle generation failed. [0.162 seconds]

✘ [ERROR] NG8002: Can't bind to 'routerLinkActiveOptions' since it isn't a known property of 'a'. [plugin angular-compiler]

    src/app/app.component.html:8:57:
      8 │ ...terLinkActive="active" [routerLinkActiveOptions]="{ exact: true }">
        ╵                           ~~~~~~~~~~~~~~~~~~~~~~~~~~~~~~~~~~~~~~~~~~~

  Error occurs in the template of component AppComponent.

    src/app/app.component.ts:7:15:
      7 │   templateUrl: './app.component.html',
        ╵                ~~~~~~~~~~~~~~~~~~~~~~


❯ Changes detected. Rebuilding...
✔ Changes detected. Rebuilding...
Application bundle generation failed. [0.301 seconds]

✘ [ERROR] NG8002: Can't bind to 'routerLinkActiveOptions' since it isn't a known property of 'a'. [plugin angular-compiler]

    src/app/app.component.html:8:57:
      8 │ ...terLinkActive="active" [routerLinkActiveOptions]="{ exact: true }">
        ╵                           ~~~~~~~~~~~~~~~~~~~~~~~~~~~~~~~~~~~~~~~~~~~

  Error occurs in the template of component AppComponent.

    src/app/app.component.ts:7:15:
      7 │   templateUrl: './app.component.html',
        ╵                ~~~~~~~~~~~~~~~~~~~~~~


❯ Changes detected. Rebuilding...
✔ Changes detected. Rebuilding...
Application bundle generation failed. [0.004 seconds]

✘ [ERROR] NG8002: Can't bind to 'routerLinkActiveOptions' since it isn't a known property of 'a'. [plugin angular-compiler]

    src/app/app.component.html:8:57:
      8 │ ...terLinkActive="active" [routerLinkActiveOptions]="{ exact: true }">
        ╵                           ~~~~~~~~~~~~~~~~~~~~~~~~~~~~~~~~~~~~~~~~~~~

  Error occurs in the template of component AppComponent.

    src/app/app.component.ts:7:15:
      7 │   templateUrl: './app.component.html',
        ╵                ~~~~~~~~~~~~~~~~~~~~~~


❯ Changes detected. Rebuilding...
✔ Changes detected. Rebuilding...
Browser bundles     
Initial chunk files  | Names                   |  Raw size
polyfills.js         | polyfills               |  90.20 kB | 
main.js              | main                    |   6.37 kB | 
chunk-YQOESBWP.js    | -                       | 754 bytes | 
styles.css           | styles                  | 557 bytes | 

                     | Initial total           |  97.88 kB

Lazy chunk files     | Names                   |  Raw size
chunk-5MADJS2D.js    | category-list-component |   1.81 kB | 
chunk-FCR6FW2S.js    | recipe-list-component   |   1.81 kB | 
chunk-VGRHIVPZ.js    | account-component       |   1.73 kB | 


Server bundles      
Initial chunk files  | Names                   |  Raw size
polyfills.server.mjs | polyfills.server        | 572.91 kB | 
chunk-7QFS7WKC.mjs   | -                       |   6.81 kB | 
server.mjs           | server                  |   1.42 kB | 
main.server.mjs      | main.server             | 831 bytes | 
chunk-FFILDKJJ.mjs   | -                       | 788 bytes | 

Lazy chunk files     | Names                   |  Raw size
chunk-JYL4CNCI.mjs   | category-list-component |   1.85 kB | 
chunk-TIA6AUSH.mjs   | recipe-list-component   |   1.84 kB | 
chunk-ZZKOWJYG.mjs   | account-component       |   1.76 kB | 

Application bundle generation complete. [0.334 seconds]

Page reload sent to client(s).
